// Jest Snapshot v1, https://goo.gl/fbAQLP

exports[`Test Header Component Component matches snapshot 1`] = `
<DocumentFragment>
  <header
    class="header"
  >
    <div
      class="header__logo"
    />
  </header>
</DocumentFragment>
`;
